// Jest Snapshot v1, https://goo.gl/fbAQLP

exports[`Tests on <AddCategory /> It should render <AddCategory /> component correctly 1`] = `
<form
  onSubmit={[Function]}
>
  <p />
  <input
    onChange={[Function]}
    placeholder="Add Category"
    type="text"
    value=""
  />
</form>
`;
