// Jest Snapshot v1, https://goo.gl/fbAQLP

exports[`Tests on <GifGridItem /> It should render GrifGridItem Component Correctly 1`] = `
<div
  className="card"
>
  <img
    alt="Title"
    src="https://localhost/algo.jpg"
  />
  <p>
    Title
  </p>
</div>
`;
